// Jest Snapshot v1, https://goo.gl/fbAQLP

exports[`TopNav renders 1`] = `
<div
  className="justify-content-center"
  style={Object {}}
>
  <nav
    className="topnav navbar navbar-expand-md navbar-light"
    style={
      Object {
        "backgroundColor": "none",
        "fontWeight": 500,
        "padding": "0px 10%",
        "position": "absolute",
        "width": "100%",
        "zIndex": 1,
      }
    }
  >
    <span
      className="navbar-brand"
    >
      <img
        alt="logo"
        onClick={[Function]}
        onMouseEnter={[Function]}
        src="/static/logo_transparent_background.png"
        style={
          Object {
            "height": 55,
            "width": 140,
          }
        }
      />
    </span>
    <button
      aria-controls="main-menu"
      aria-label="Toggle navigation"
      className="text-right navbar-toggler collapsed"
      onClick={[Function]}
      style={Object {}}
      type="button"
    >
      <span
        className="navbar-toggler-icon"
      />
    </button>
    <div
      aria-expanded={null}
      className="navbar-collapse collapse"
      id="main-menu"
      style={
        Object {
          "padding": 20,
        }
      }
    >
      <div
        className="ml-auto justify-content-end navbar-nav"
        onKeyDown={[Function]}
        style={Object {}}
      >
        <div
          className="navbar-nav"
          onKeyDown={[Function]}
        >
          <div
            className="nav-item"
          >
            <a
              className="nav-link"
              data-rb-event-key={null}
              disabled={false}
              onClick={[Function]}
              onMouseEnter={[Function]}
            >
              Create
            </a>
          </div>
          <div
            className="nav-item"
          >
            <a
              className="nav-link"
              data-rb-event-key={null}
              disabled={false}
              onClick={[Function]}
              onMouseEnter={[Function]}
            >
              My Decks
            </a>
          </div>
          <div
            className="navbar-nav"
            onKeyDown={[Function]}
          >
            <div
              className="nav-item"
            >
              <a
                className="nav-link"
                data-rb-event-key={null}
                disabled={false}
                onClick={[Function]}
                onMouseEnter={[Function]}
              >
                Log in
              </a>
            </div>
            <div
              className="nav-item"
            >
              <a
                className="nav-link"
                data-rb-event-key={null}
                disabled={false}
                onClick={[Function]}
                onMouseEnter={[Function]}
              >
                Sign up
              </a>
            </div>
          </div>
        </div>
      </div>
    </div>
  </nav>
  <style
    global={true}
    jsx={true}
  >
    
				a {
					cursor: pointer;
				}

			
  </style>
</div>
`;
