// Jest Snapshot v1, https://goo.gl/fbAQLP

exports[`Loading should render loading 1`] = `
<div>
  <div
    className="container"
  >
    <div
      className="justify-content-center row"
    >
      <div
        className="spinner-border spinner-border-lg"
        role="status"
      >
        <span
          className="sr-only"
        >
          Loading...
        </span>
      </div>
    </div>
  </div>
</div>
`;
